// Jest Snapshot v1, https://goo.gl/fbAQLP

exports[`<TextField/> should be able render TextField component with error 1`] = `
.c7 {
  display: inline-block;
  vertical-align: middle;
  overflow: hidden;
}

.c8 {
  color: #030517;
  font-family: Poppins,--apple-system,BlinkMacSystemFont,'Segoe UI',Roboto,Oxygen,Ubuntu,Cantarell,'Open Sans','Helvetica Neue',sans-serif;
  outline: none;
  border: 0;
  padding: 0.8rem 0;
  background: transparent;
  -webkit-flex: 1;
  -ms-flex: 1;
  flex: 1;
}

.c8:-webkit-autofill {
  -webkit-box-shadow: 0 0 0 2.4rem #EAEAEA inside;
  -webkit-filter: none;
  filter: none;
}

.c2 {
  font-size: 1.4rem;
  color: #030517;
  cursor: pointer;
}

.c6 {
  display: -webkit-box;
  display: -webkit-flex;
  display: -ms-flexbox;
  display: flex;
  width: 2rem;
  color: #8f8f8f;
}

.c6 > svg {
  width: 100%;
}

.c4 {
  display: -webkit-box;
  display: -webkit-flex;
  display: -ms-flexbox;
  display: flex;
  background: #EAEAEA;
  border-radius: 0.2rem;
  padding: 0 1.6rem;
  border: 0.2rem solid #EAEAEA;
}

.c4:focus-within {
  box-shadow: 0 0 0.5rem #f231a5;
}

.c9 {
  color: #FF6347;
  font-size: 1.2rem;
}

.c0 .c5 {
  margin-right: 0.4rem;
}

.c0 .c3 {
  border-color: #FF6347;
}

.c0 .c5,
.c0 .c1 {
  color: #FF6347;
}

<div>
  <div
    class="c0"
  >
    <label
      class="c1 c2"
      for="textfield"
    >
      textfield
    </label>
    <div
      class="c3 c4"
    >
      <div
        class="c5 c6"
      >
        <svg
          aria-hidden="true"
          class="c7"
          data-testid="icon"
          fill="currentColor"
          focusable="false"
          viewBox="0 0 24 24"
          xmlns="http://www.w3.org/2000/svg"
        >
          <path
            d="M0 0h24v24H0V0z"
            fill="none"
          />
          <path
            d="M22 6c0-1.1-.9-2-2-2H4c-1.1 0-2 .9-2 2v12c0 1.1.9 2 2 2h16c1.1 0 2-.9 2-2V6zm-2 0l-8 4.99L4 6h16zm0 12H4V8l8 5 8-5v10z"
          />
        </svg>
      </div>
      <input
        class="c8"
        id="textfield"
        name="textfield"
        type="text"
        value=""
      />
    </div>
    <span
      class="c9"
    >
      Error Message
    </span>
  </div>
</div>
`;
